30 mtime=1487348088.871711712
30 atime=1487348189.519714452
30 ctime=1487348185.499714343
